// Jest Snapshot v1, https://goo.gl/fbAQLP

exports[`<SubscriptionPage /> renders the component 1`] = `
<div>
  <div
    class="loading"
  >
    <span
      class="css-1xdhyk6"
    >
      <span
        class="css-1puqkdb"
      />
      <span
        class="css-10y34i5"
      />
      <span
        class="css-1puqkdb"
      />
    </span>
  </div>
</div>
`;
